PASS arbiter: stalled first/final beat, owner gap, round robin, reset
- tb/tb_arbiter.sv:26: Verilog $finish
- S i m u l a t i o n   R e p o r t: Verilator 5.49
- Verilator: $finish at 136ns; walltime 0.000 s; speed 2.308 ms/s
- Verilator: cpu 0.000 s on 1 threads; allocated 6 MB
PASS DW=512 DEPTH=4 received=1200 stalls=2896 simultaneous=103 partials=430 packet_gap_cycles=0
- tb/tb_interconnect.sv:110: Verilog $finish
- S i m u l a t i o n   R e p o r t: Verilator 5.49
- Verilator: $finish at 23us; walltime 0.001 s; speed 20.085 ms/s
- Verilator: cpu 0.001 s on 1 threads; allocated 7 MB
PASS DW=512 DEPTH=4 received=1200 stalls=2919 simultaneous=92 partials=430 packet_gap_cycles=2
- tb/tb_interconnect.sv:110: Verilog $finish
- S i m u l a t i o n   R e p o r t: Verilator 5.49
- Verilator: $finish at 23us; walltime 0.001 s; speed 18.113 ms/s
- Verilator: cpu 0.001 s on 1 threads; allocated 7 MB
PASS DW=512 DEPTH=4 received=1200 stalls=3075 simultaneous=92 partials=430 packet_gap_cycles=1
- tb/tb_interconnect.sv:110: Verilog $finish
- S i m u l a t i o n   R e p o r t: Verilator 5.49
- Verilator: $finish at 24us; walltime 0.002 s; speed 14.978 ms/s
- Verilator: cpu 0.002 s on 1 threads; allocated 7 MB
PASS DW=512 DEPTH=1 received=1200 stalls=4127 simultaneous=20 partials=430 packet_gap_cycles=484
- tb/tb_interconnect.sv:110: Verilog $finish
- S i m u l a t i o n   R e p o r t: Verilator 5.49
- Verilator: $finish at 29us; walltime 0.001 s; speed 20.535 ms/s
- Verilator: cpu 0.001 s on 1 threads; allocated 7 MB
PASS DW=512 DEPTH=1 received=1200 stalls=4323 simultaneous=21 partials=430 packet_gap_cycles=490
- tb/tb_interconnect.sv:110: Verilog $finish
- S i m u l a t i o n   R e p o r t: Verilator 5.49
- Verilator: $finish at 30us; walltime 0.001 s; speed 20.974 ms/s
- Verilator: cpu 0.001 s on 1 threads; allocated 7 MB
PASS DW=512 DEPTH=1 received=1200 stalls=4334 simultaneous=13 partials=430 packet_gap_cycles=479
- tb/tb_interconnect.sv:110: Verilog $finish
- S i m u l a t i o n   R e p o r t: Verilator 5.49
- Verilator: $finish at 30us; walltime 0.001 s; speed 21.004 ms/s
- Verilator: cpu 0.001 s on 1 threads; allocated 7 MB
PASS DW=64 DEPTH=3 received=1200 stalls=3025 simultaneous=91 partials=300 packet_gap_cycles=6
- tb/tb_interconnect.sv:110: Verilog $finish
- S i m u l a t i o n   R e p o r t: Verilator 5.49
- Verilator: $finish at 23us; walltime 0.001 s; speed 21.917 ms/s
- Verilator: cpu 0.001 s on 1 threads; allocated 7 MB
PASS DW=64 DEPTH=3 received=1200 stalls=3011 simultaneous=88 partials=300 packet_gap_cycles=5
- tb/tb_interconnect.sv:110: Verilog $finish
- S i m u l a t i o n   R e p o r t: Verilator 5.49
- Verilator: $finish at 23us; walltime 0.001 s; speed 22.423 ms/s
- Verilator: cpu 0.001 s on 1 threads; allocated 7 MB
PASS DW=64 DEPTH=3 received=1200 stalls=3037 simultaneous=97 partials=300 packet_gap_cycles=6
- tb/tb_interconnect.sv:110: Verilog $finish
- S i m u l a t i o n   R e p o r t: Verilator 5.49
- Verilator: $finish at 23us; walltime 0.001 s; speed 22.169 ms/s
- Verilator: cpu 0.001 s on 1 threads; allocated 7 MB
PASS DW=512 DEPTH=4 received=1200 stalls=2896 simultaneous=103 partials=430 packet_gap_cycles=0
- tb/tb_interconnect.sv:110: Verilog $finish
- S i m u l a t i o n   R e p o r t: Verilator 5.49
- Verilator: $finish at 23us; walltime 0.009 s; speed 2.454 ms/s
- Verilator: cpu 0.009 s on 1 threads; allocated 7 MB
